// Jest Snapshot v1, https://goo.gl/fbAQLP

exports[`ProcessDetailsDiagram component tests Snapshot testing 1`] = `
<Fragment>
  <Card
    data-ouia-component-type="process-diagram"
    data-ouia-safe={true}
  >
    <CardHeader>
      <Title
        headingLevel="h3"
        size="xl"
      >
        Process Visualization
      </Title>
    </CardHeader>
    <CardBody>
      <ReactSvgPanZoomLoader
        height={400}
        proxy={
          <React.Fragment>
            <SvgLoaderSelectElement
              selector={[Function]}
            />
          </React.Fragment>
        }
        render={[Function]}
        src="travels.svg"
        width={1000}
      />
    </CardBody>
  </Card>
</Fragment>
`;
