// Jest Snapshot v1, https://goo.gl/fbAQLP

exports[`Dashboard component tests snapshot testing 1`] = `
<Dashboard
  location={
    Object {
      "pathname": "/ProcessInstances",
    }
  }
/>
`;
