// Jest Snapshot v1, https://goo.gl/fbAQLP

exports[`Process Details Page component Sample test case 1`] = `
<ProcessDetailsPage
  match={
    Object {
      "params": "1232131",
    }
  }
/>
`;
